[www.cosapiinmobiliaria.com.pe/index4dce.html]
[www.google-analytics.com/analytics.js]
[connect.facebook.net/en_US/fbevents.js]
[www.cosapiinmobiliaria.com.pe/favicon.ico]
[www.cosapiinmobiliaria.com.pe/build/vendor.css]
[www.cosapiinmobiliaria.com.pe/build/loader.css]
[www.cosapiinmobiliaria.com.pe/build/app.css]
[use.fontawesome.com/releases/v5.7.2/css/all.css]
[www.cosapiinmobiliaria.com.pe/resources/logo.svg]
[www.cosapiinmobiliaria.com.pe/nosotros/index.html]
[www.cosapiinmobiliaria.com.pe/index.html]
[www.cosapiinmobiliaria.com.pe/convenios-beneficios.html]
[www.cosapiinmobiliaria.com.pe/servicio-cliente.html]
[www.cosapiinmobiliaria.com.pe/contactenos.html]
[www.cosapiinmobiliaria.com.pe/resources/welcome.mp4]
[www.cosapiinmobiliaria.com.pe/uploads/projects/prana_isotipo.svg]
[www.cosapiinmobiliaria.com.pe/uploads/projects/duplo_isotipo.svg]
[www.cosapiinmobiliaria.com.pe/uploads/projects/nesta_isotipo.svg]
[www.cosapiinmobiliaria.com.pe/uploads/projects/epiqe_isotipo.svg]
[www.cosapiinmobiliaria.com.pe/uploads/projects/3da931afd9563e9aaa89eed71eb7119d.svg]
[www.cosapiinmobiliaria.com.pe/uploads/projects/velia_isotipo.svg]
[www.cosapiinmobiliaria.com.pe/uploads/projects/prana_logo.svg]
[www.cosapiinmobiliaria.com.pe/uploads/projects/duplo_logo.svg]
[www.cosapiinmobiliaria.com.pe/uploads/projects/nesta_logo.svg]
[www.cosapiinmobiliaria.com.pe/uploads/projects/6d2fef2958f17ead97b919624490ce8c.svg]
[www.cosapiinmobiliaria.com.pe/uploads/projects/2c28750ecce331d310dd8aa194ab1918.svg]
[www.cosapiinmobiliaria.com.pe/uploads/projects/velia_logo.svg]
[www.cosapiinmobiliaria.com.pe/uploads/attributes/vista-privilegiada_975d1e1573f0dac398d2a9fb4bea8a1e_867cde0c7819a51bd1d22b21ee6ecebf.svg]
[www.cosapiinmobiliaria.com.pe/uploads/attributes/calidad-acabados_c49dfe5b41a8a51700a2dafe73349227.svg]
[www.cosapiinmobiliaria.com.pe/uploads/attributes/areas-verdes_4cff2a3d4779544b52a8158c1fe13647_7997b5cf248457669dd8fa2adb003478.svg]
[www.cosapiinmobiliaria.com.pe/uploads/attributes/ubicacion-estrategica_0499a488684938599f214782086f97d7.svg]
[www.cosapiinmobiliaria.com.pe/uploads/attributes/dormitorios_8fa9080a9c8a054d32bec4519f2d65dd.svg]
[www.cosapiinmobiliaria.com.pe/uploads/attributes/metraje_000a94a324fdace8ea802a3914c44679.svg]
[www.cosapiinmobiliaria.com.pe/uploads/areas/d1f176549bafc7534bb0b5defc2ba99f.svg]
[www.cosapiinmobiliaria.com.pe/uploads/areas/8519eb56b0cb937bd2edfca90b933e22.svg]
[www.cosapiinmobiliaria.com.pe/uploads/areas/f7b2ffbde6a10dead3ac2a8958552903.svg]
[www.cosapiinmobiliaria.com.pe/uploads/areas/fec823f70841119e7b07de4925844149.svg]
[www.cosapiinmobiliaria.com.pe/uploads/areas/45dbaf73523ac19f6d12601b4873235f.svg]
[www.cosapiinmobiliaria.com.pe/uploads/areas/8d442ffd5b0e35bb149be6e66dc7898f.svg]
[www.cosapiinmobiliaria.com.pe/uploads/projects/prana_building_elevation.png]
[www.cosapiinmobiliaria.com.pe/uploads/projects/photos/77d2dd5dbadb75a2e972ae75151c21bd.png]
[www.cosapiinmobiliaria.com.pe/uploads/projects/photos/d060073a496aaa85466dab452a3625c5.png]
[www.cosapiinmobiliaria.com.pe/uploads/projects/photos/c9f901cf1cfac96db789aa97acfed2cb.png]
[www.cosapiinmobiliaria.com.pe/uploads/projects/photos/62b0c408514a4ff8ceaeb1d6a6f03029.png]
[www.cosapiinmobiliaria.com.pe/uploads/projects/photos/92be380afbe88fed7b614faa5c1eba03.png]
[www.cosapiinmobiliaria.com.pe/uploads/projects/photos/12c04307480930fa5f1deee858c2013e.png]
[www.cosapiinmobiliaria.com.pe/uploads/projects/models/716246b68f25d3fd82cd0b0aba98d87d.png]
[www.cosapiinmobiliaria.com.pe/uploads/projects/photos/e11a3b6520656fea015f1dcd848293b2.png]
[www.cosapiinmobiliaria.com.pe/uploads/projects/models/b6840d246d8c1e8d6e286c93399b576b.png]
[www.cosapiinmobiliaria.com.pe/uploads/projects/models/d35bc763e4462f63df58b4c65e1fc04d.png]
[www.cosapiinmobiliaria.com.pe/uploads/projects/models/07bfca2332b02c32ab853dfbfbc48a56.png]
[www.cosapiinmobiliaria.com.pe/uploads/projects/models/226ec140cf70f166c8d80234ca49e4e8.png]
[www.cosapiinmobiliaria.com.pe/uploads/projects/models/d0cbb6d1676d9252a381ada9abe8b1f8.png]
[www.cosapiinmobiliaria.com.pe/uploads/projects/models/7aec15ce02b08a672f8ab4f0dbcbcaba.png]
[www.cosapiinmobiliaria.com.pe/uploads/attributes/vista-espectacular_71639bd7827858aa7ec14713138d7fde.svg]
[www.cosapiinmobiliaria.com.pe/uploads/projects/prana_map.png]
[www.cosapiinmobiliaria.com.pe/uploads/attributes/ubicacion-centrica_e8db1b20a27af10a7f9eb8de9389e66b.svg]
[www.cosapiinmobiliaria.com.pe/uploads/projects/3000478d9489d41edb34fbe5de3c484c.png]
[www.cosapiinmobiliaria.com.pe/uploads/attributes/calidad-acabados-2_ccc2c0d493fb855b340594c26455ee65.svg]
[www.cosapiinmobiliaria.com.pe/uploads/attributes/precios-mi-vivienda_fbcd4db1b894b367543dd4e36d5ee5c0.svg]
[www.cosapiinmobiliaria.com.pe/uploads/attributes/gas-natural_2e23c408868c525844eb6a2e7958a485.svg]
[www.cosapiinmobiliaria.com.pe/uploads/attributes/areas-comunes-lujo_8c646ee7530f1748bc8984213d5c624b.svg]
[www.cosapiinmobiliaria.com.pe/uploads/areas/1074798cb55542680955a34b4e1fa6a1.svg]
[www.cosapiinmobiliaria.com.pe/uploads/areas/0cebef67ea11eca0daaa51d6e6b528d2.svg]
[www.cosapiinmobiliaria.com.pe/uploads/areas/68942bf73366358b3a83cc5c548b07e9.svg]
[www.cosapiinmobiliaria.com.pe/uploads/areas/e01df9a4eacd1bc84efcb67e5d778401.svg]
[www.cosapiinmobiliaria.com.pe/uploads/areas/929fd1ece5d6a0b580b63465966b917d.svg]
[www.cosapiinmobiliaria.com.pe/uploads/projects/duplo_building_elevation.png]
[www.cosapiinmobiliaria.com.pe/uploads/projects/photos/d48724f64438677b04bac643fb9fa169.png]
[www.cosapiinmobiliaria.com.pe/uploads/projects/photos/ce626e5bd45b9235718890fccfbdf016.png]
[www.cosapiinmobiliaria.com.pe/uploads/projects/photos/72015f26ee7d235ed6c52b8644227bca.png]
[www.cosapiinmobiliaria.com.pe/uploads/projects/photos/29dc65c9f92211805fb62f0481830bff.png]
[www.cosapiinmobiliaria.com.pe/uploads/projects/photos/9d172e2f3b58f0e4b33b2897ff3d1b88.png]
[www.cosapiinmobiliaria.com.pe/uploads/projects/photos/d6c9ef79496883815da3c7ce1e2909ce.png]
[www.cosapiinmobiliaria.com.pe/uploads/projects/photos/3493b48a249d4b8bef35b78bd11e88fa.png]
[www.cosapiinmobiliaria.com.pe/uploads/projects/models/20fe9ba5576d4bf226122ca58cc4cbbc.png]
[www.cosapiinmobiliaria.com.pe/uploads/projects/duplo_map.png]
[www.cosapiinmobiliaria.com.pe/uploads/projects/models/b0d4ab85df2b0e0d810dd7fa1fc2808e.png]
[www.cosapiinmobiliaria.com.pe/uploads/projects/993c211fc89711cefbbd28564691d72d.png]
[www.cosapiinmobiliaria.com.pe/uploads/attributes/doble-acceso_c2df2172eff575b82af12228698d6195.svg]
[www.cosapiinmobiliaria.com.pe/uploads/attributes/ubicacion-ideal_6f8f62b99f79ff1b7d8fc6d6e1190426.svg]
[www.cosapiinmobiliaria.com.pe/uploads/attributes/areas-comunes_a43aa0f4d7714a078721c1d1c8965dec.svg]
[www.cosapiinmobiliaria.com.pe/uploads/areas/b734872b636642f76ba55c0cfde40405.svg]
[www.cosapiinmobiliaria.com.pe/uploads/areas/6ca309cf9d7e626960bad5187d34361c.svg]
[www.cosapiinmobiliaria.com.pe/uploads/projects/nesta_building_elevation.png]
[www.cosapiinmobiliaria.com.pe/uploads/projects/photos/af3029304f709cd87d5cdfa17cf3096d.png]
[www.cosapiinmobiliaria.com.pe/uploads/projects/photos/6cd2dc6e420b93069ced1d0bf4730829.png]
[www.cosapiinmobiliaria.com.pe/uploads/projects/photos/078556b0743808bf47317f0aa2d36955.png]
[www.cosapiinmobiliaria.com.pe/uploads/projects/photos/eebea691a7041623f3fc83263711a43a.png]
[www.cosapiinmobiliaria.com.pe/uploads/projects/photos/5cf4122c63348cb331805662b7f22889.png]
[www.cosapiinmobiliaria.com.pe/uploads/projects/photos/b3df2b971ac8290df8bbcae6ad52ea5b.png]
[www.cosapiinmobiliaria.com.pe/uploads/projects/photos/fced6713cdfa3e8448f0bc41042db417.png]
[www.cosapiinmobiliaria.com.pe/uploads/projects/models/a20a42b574c03b0581f117ed7290d59e.png]
[www.cosapiinmobiliaria.com.pe/uploads/projects/models/1836087ff9f33f533fd07de57094b9c9.png]
[www.cosapiinmobiliaria.com.pe/uploads/projects/models/2a1350996fa756e2ca062d7d795ea32d.png]
[www.cosapiinmobiliaria.com.pe/uploads/projects/models/fdb10962474003a52fd5f8362a41a7e0.png]
[www.cosapiinmobiliaria.com.pe/uploads/projects/nesta_map.png]
[www.cosapiinmobiliaria.com.pe/uploads/projects/models/a14061c83a4b84d23ddf44944d9fc5ce.png]
[www.cosapiinmobiliaria.com.pe/uploads/attributes/vista-panoramica_3c5e16af5a227187825d6f6c51d71e4c.svg]
[www.cosapiinmobiliaria.com.pe/uploads/attributes/metraje_9b3c84ae2719fdfae5d97434bbc0f564.svg]
[www.cosapiinmobiliaria.com.pe/uploads/projects/cbe68c1c394cb3dd8f731a557561acfd.jpg]
[www.cosapiinmobiliaria.com.pe/uploads/attributes/proyecto-sostenible_bd3d231fe7a1dbe39b656d5f781dbe54.svg]
[www.cosapiinmobiliaria.com.pe/uploads/attributes/areas-comunes-exclusivas_03c9ef4fa167c178d47f2e749e390425.svg]
[www.cosapiinmobiliaria.com.pe/uploads/areas/30ffd5f63f519a859350c471f16a35f0.svg]
[www.cosapiinmobiliaria.com.pe/uploads/areas/abe4d5bee60d972f82c970e602aa7659.svg]
[www.cosapiinmobiliaria.com.pe/uploads/areas/7cbbb6d08d4bca1c0bbee83e0794e8fa.svg]
[www.cosapiinmobiliaria.com.pe/uploads/areas/eb7e7693be1a1c838f667c4bd226e6d2.svg]
[www.cosapiinmobiliaria.com.pe/uploads/areas/3bdfe5d1cf1fa2b1923004788a9450e3.svg]
[www.cosapiinmobiliaria.com.pe/uploads/areas/077e842b5e6f73398993f5ae5fb24c18.svg]
[www.cosapiinmobiliaria.com.pe/uploads/projects/epiqe_building_elevation.jpg]
[www.cosapiinmobiliaria.com.pe/uploads/projects/photos/833d542fa831acfeaa0fad506c5a5ccf.jpg]
[www.cosapiinmobiliaria.com.pe/uploads/projects/photos/c3532463b73e5105def67726e3402f52.jpg]
[www.cosapiinmobiliaria.com.pe/uploads/projects/photos/f56f3f07ce75e86c58fd774195dcd13b.jpg]
[www.cosapiinmobiliaria.com.pe/uploads/projects/photos/6ab988eb1bbb3861db575bbd5e01c1ea.jpg]
[www.cosapiinmobiliaria.com.pe/uploads/projects/photos/ba929a783fc574a138979dbd3bc81916.jpg]
[www.cosapiinmobiliaria.com.pe/uploads/projects/models/53f890368c8d1c283dd4d602cccb38f7.jpg]
[www.cosapiinmobiliaria.com.pe/uploads/projects/photos/528195a5a63e6f5749856776eb185b82.jpg]
[www.cosapiinmobiliaria.com.pe/uploads/projects/models/42699ba99739fe3e0ea35ea120136e88.jpg]
[www.cosapiinmobiliaria.com.pe/uploads/projects/photos/6414906917f862958f5498d704dba165.jpg]
[www.cosapiinmobiliaria.com.pe/uploads/projects/models/03e5bc155accf7d233f6bbc19ef907df.jpg]
[www.cosapiinmobiliaria.com.pe/uploads/projects/999c4f812f2f039a42f8cbeb90724047.png]
[www.cosapiinmobiliaria.com.pe/uploads/projects/models/315a37fb15574c34751e0baad3a53d9f.jpg]
[www.cosapiinmobiliaria.com.pe/uploads/projects/epiqe_map.png]
[www.cosapiinmobiliaria.com.pe/uploads/attributes/ubicacion-ideal_6f8f62b99f79ff1b7d8fc6d6e1190426_45988d8a9cb8c48366507691fb0438ec.svg]
[www.cosapiinmobiliaria.com.pe/uploads/attributes/calidad-acabados-2_ccc2c0d493fb855b340594c26455ee65_3a4accfc29fb7e962e6e1837992705be.svg]
[www.cosapiinmobiliaria.com.pe/uploads/attributes/dormitorios_8fa9080a9c8a054d32bec4519f2d65dd_5b1dac4cc28767af125ec625ad1fc25a.svg]
[www.cosapiinmobiliaria.com.pe/uploads/attributes/areas-comunes-exclusivas_03c9ef4fa167c178d47f2e749e390425_a49aeecb965221b08c66fef0cd9130fa.svg]
[www.cosapiinmobiliaria.com.pe/uploads/attributes/proyecto-sostenible_bd3d231fe7a1dbe39b656d5f781dbe54_eef77cebe316e0f2ec79aca710bf8a14.svg]
[www.cosapiinmobiliaria.com.pe/uploads/attributes/bag_e388440c29e664d1bd5cc154f4232065.svg]
[www.cosapiinmobiliaria.com.pe/uploads/areas/40a71eb631bd8f4422244446d386e7fd.svg]
[www.cosapiinmobiliaria.com.pe/uploads/areas/a082b470ab68038ea60f799ecedb9b2a.svg]
[www.cosapiinmobiliaria.com.pe/uploads/areas/d4c9f774bf338b4375d8f8d1ad2242cc.svg]
[www.cosapiinmobiliaria.com.pe/uploads/areas/f61d582d22958e178bb97ecc6838a9c5.svg]
[www.cosapiinmobiliaria.com.pe/uploads/areas/d4d3f51d1a51e86ad935d8876ec4ce69.svg]
[www.cosapiinmobiliaria.com.pe/uploads/projects/99e48544a4828d9eb128b935dc08a149.jpg]
[www.cosapiinmobiliaria.com.pe/uploads/projects/photos/833a99c6979da06c874c7e8b1be9e4f7.png]
[www.cosapiinmobiliaria.com.pe/uploads/projects/photos/9e9bb2bb6dfd8d2a0195085690117b78.png]
[www.cosapiinmobiliaria.com.pe/uploads/projects/photos/63a5c7192bd5e70d332a1fb1b2b65f49.png]
[www.cosapiinmobiliaria.com.pe/uploads/projects/photos/08ea563bcc09ba55462e4826afd7a38a.png]
[www.cosapiinmobiliaria.com.pe/uploads/projects/photos/190d34306dc7a220a072534fbced24d5.png]
[www.cosapiinmobiliaria.com.pe/uploads/projects/c9dad891f652a89f91bf677d6040b644.png]
[www.cosapiinmobiliaria.com.pe/uploads/projects/photos/9d9ed3cd9b80165db81ce6eff3435753.png]
[www.cosapiinmobiliaria.com.pe/uploads/projects/photos/f8595820dee2c41dd36c9897c271d558.png]
[www.cosapiinmobiliaria.com.pe/uploads/projects/212daa8b47b85cd4d42755d5209f0ae2.png]
[www.cosapiinmobiliaria.com.pe/uploads/attributes/fachada-moderna_471922833a4ebb0b8c0c3a53a3555db6.svg]
[www.cosapiinmobiliaria.com.pe/uploads/attributes/edificio-15pisos_ad4a062144d7214ba53766cee070805a.svg]
[www.cosapiinmobiliaria.com.pe/uploads/areas/28d92455ad5f42def4d012cabd3dc73d.svg]
[www.cosapiinmobiliaria.com.pe/uploads/areas/0fe40b6e1b2ea049b40d28a991edaebd.svg]
[www.cosapiinmobiliaria.com.pe/uploads/areas/5f2ef55f02c2ae29e343483530c93dd8.svg]
[www.cosapiinmobiliaria.com.pe/uploads/areas/54a795f25894f01638a8c749081901e0.svg]
[www.cosapiinmobiliaria.com.pe/uploads/projects/velia_building_elevation.png]
[www.cosapiinmobiliaria.com.pe/uploads/projects/photos/1d7afc497dc3502b16705c31f31512b1.png]
[www.cosapiinmobiliaria.com.pe/uploads/projects/photos/0ca8e819f4914f1ced373fc094fe1b5c.png]
[www.cosapiinmobiliaria.com.pe/uploads/projects/photos/838a00e81c71cc4cd42a229f9b07b9b0.png]
[www.cosapiinmobiliaria.com.pe/uploads/projects/photos/c2dcbd99733be5df749613cab8a2ffb4.png]
[www.cosapiinmobiliaria.com.pe/uploads/projects/photos/955af2913dc21cf9e96d4a7018d1a397.png]
[www.cosapiinmobiliaria.com.pe/uploads/projects/photos/90634753940e85c00b91daae3fb442d3.png]
[www.cosapiinmobiliaria.com.pe/uploads/projects/photos/4a4a76627027c796113b1df14aacdd58.png]
[www.cosapiinmobiliaria.com.pe/uploads/projects/models/d57728280954953bd0a86eae41dffcc3.png]
[www.cosapiinmobiliaria.com.pe/uploads/projects/models/a5d12c17023429f6d2734839d6899b13.png]
[www.cosapiinmobiliaria.com.pe/uploads/projects/models/10317167cec40a399ff96a065e2e886a.png]
[www.cosapiinmobiliaria.com.pe/uploads/projects/models/a193185036bed1ea93b861f42d2bbc69.png]
[www.cosapiinmobiliaria.com.pe/uploads/projects/models/9c756892a1aa55dbc454827a7ecfedb6.png]
[www.cosapiinmobiliaria.com.pe/uploads/projects/models/4dfa297085b38e369e0f5925b3ef29fb.png]
[www.cosapiinmobiliaria.com.pe/uploads/projects/models/e13c1878d2c425b0a9de3119464d4710.png]
[www.cosapiinmobiliaria.com.pe/uploads/projects/01a220f0c5d408e4e69a31a7c0dffade.png]
[www.cosapiinmobiliaria.com.pe/uploads/projects/models/daff05d521172198f7b6664e7ed0c8a8.png]
[www.cosapiinmobiliaria.com.pe/uploads/projects/velia_map.png]
[www.cosapiinmobiliaria.com.pe/build/manifest.js]
[www.cosapiinmobiliaria.com.pe/build/common.js]
[www.cosapiinmobiliaria.com.pe/build/vendor.js]
[www.cosapiinmobiliaria.com.pe/build/app.js]
[www.cosapiinmobiliaria.com.pe/build/images/chosen-sprite.8b55a822.png]
[www.cosapiinmobiliaria.com.pe/uploads/projects/prana_night_building_elevation.png]
[www.cosapiinmobiliaria.com.pe/build/images/chosen-sprite@2x.614fad61.png]
[www.cosapiinmobiliaria.com.pe/build/images/default-skin.e3f799c6.png]
[www.cosapiinmobiliaria.com.pe/build/images/default-skin.b257fa9c.svg]
[www.cosapiinmobiliaria.com.pe/build/images/preloader.e34aafbb.gif]
[www.cosapiinmobiliaria.com.pe/build/images/adi-peru.d9e0494e.svg]
[www.cosapiinmobiliaria.com.pe/build/images/cosapi.a691fd9e.svg]
[www.cosapiinmobiliaria.com.pe/build/images/arrow-down-red.e435b204.svg]
[www.cosapiinmobiliaria.com.pe/build/images/arrow-down.da5df8fa.svg]
[www.cosapiinmobiliaria.com.pe/build/images/arrow-up.8f5e2213.svg]
[www.cosapiinmobiliaria.com.pe/build/images/messenger.d5b98882.svg]
[www.cosapiinmobiliaria.com.pe/build/images/welcome-image.119f80d0.jpg]
[www.cosapiinmobiliaria.com.pe/build/images/video-1st-frame.38c6aac2.jpg]
[www.cosapiinmobiliaria.com.pe/build/images/white-lg.5211a464.png]
[www.cosapiinmobiliaria.com.pe/build/images/logo-blue.8c8e7db2.svg]
[www.cosapiinmobiliaria.com.pe/build/images/search.d1d46b7e.svg]
[www.cosapiinmobiliaria.com.pe/build/images/contact-us.41ea743f.png]
[www.cosapiinmobiliaria.com.pe/build/images/respaldo-mobile.3d2cb703.png]
[www.cosapiinmobiliaria.com.pe/build/images/quienes-somos-mobile.9bd068d8.png]
[www.cosapiinmobiliaria.com.pe/build/images/vision-mobile.0dfb42f9.png]
[www.cosapiinmobiliaria.com.pe/build/images/invest.fe1f3da5.png]
[www.cosapiinmobiliaria.com.pe/build/images/r-s-mobile.aff3c02d.png]
[www.cosapiinmobiliaria.com.pe/build/images/minus.e552f679.svg]
[www.cosapiinmobiliaria.com.pe/build/images/sell.1bfd6c8b.png]
[www.cosapiinmobiliaria.com.pe/build/images/plus.bb4846fa.svg]
[www.cosapiinmobiliaria.com.pe/build/images/default-img.29495909.png]
[www.cosapiinmobiliaria.com.pe/build/images/quienes-somos-desktop.d41af493.png]
[www.cosapiinmobiliaria.com.pe/build/images/r-s-desktop.fca9a1e5.png]
[www.cosapiinmobiliaria.com.pe/resources/respaldo-1-desktop.png]
[www.cosapiinmobiliaria.com.pe/resources/web1.png]
[www.cosapiinmobiliaria.com.pe/build/images/vision-desktop.b257a002.png]
[www.cosapiinmobiliaria.com.pe/POST.html]
[www.cosapiinmobiliaria.com.pe/build/fonts/GothamLight.fe6eb31a.html]
[www.cosapiinmobiliaria.com.pe/build/fonts/GothamLight-Italic.33f1961c.html]
[www.cosapiinmobiliaria.com.pe/build/fonts/GothamBook.efe056a0.html]
[www.cosapiinmobiliaria.com.pe/build/fonts/Gotham-BookItalic.8095e4f9.html]
[www.cosapiinmobiliaria.com.pe/build/fonts/GothamMedium.d6ea32b2.html]
[www.cosapiinmobiliaria.com.pe/build/fonts/GothamMedium-Italic.b53a737c.html]
[www.cosapiinmobiliaria.com.pe/build/fonts/GothamBold.bea02617.html]
[www.cosapiinmobiliaria.com.pe/build/fonts/GothamBold-Italic.cb1f6e86.html]
[www.cosapiinmobiliaria.com.pe/build/fonts/GothamBlack.9d659efd.html]
[www.cosapiinmobiliaria.com.pe/build/fonts/GothamBlack-Italic.b081489a.html]
[www.cosapiinmobiliaria.com.pe/build/fonts/Montserrat-Regular.364c3b8e.html]
[www.cosapiinmobiliaria.com.pe/build/fonts/Montserrat-Italic.f327711c.html]
[www.cosapiinmobiliaria.com.pe/build/fonts/Montserrat-Light.e240950a.html]
[www.cosapiinmobiliaria.com.pe/build/fonts/Montserrat-LightItalic.4685dce5.html]
[www.cosapiinmobiliaria.com.pe/build/fonts/Montserrat-Medium.3dae50ed.html]
[www.cosapiinmobiliaria.com.pe/build/fonts/Montserrat-MediumItalic.53ab354b.html]
[www.cosapiinmobiliaria.com.pe/build/fonts/Montserrat-Bold.fac1e737.html]
[www.cosapiinmobiliaria.com.pe/build/fonts/Montserrat-BoldItalic.ac9f3a31.html]
[www.cosapiinmobiliaria.com.pe/build/fonts/Montserrat-Black.fd2dedd4.html]
[www.cosapiinmobiliaria.com.pe/build/fonts/Montserrat-BlackItalic.ba006559.html]
[www.cosapiinmobiliaria.com.pe/resources/web2.png]
[www.cosapiinmobiliaria.com.pe/resources/respaldo-3-desktop.png]
[www.cosapiinmobiliaria.com.pe/resources/respaldo-2-desktop.png]
